mads 2.1.3
Source: ex01.asm
     1 				        org $2000
     2
     3 				start:
     4 FFFF> 2000-2025> A9 00	        lda #<tab
     5 2002 8D 1B 20		        sta taddr+1
     6 2005 A9 30		        lda #>tab
     7 2007 8D 1C 20		        sta taddr+2
     8
     9 200A A9 00		        lda #$00
    10 200C 8D 2F 02		        sta $022f   ; 559          	22F          	SDMCTL
    11 				                    ; Direct Memory Access (DMA) enable. POKEing with zero allows
    12 				                    ; you to turn off ANTIC and speed up processing by 30%. Of
    13 				                    ; course, it also means the screen goes blank when ANTIC is
    14 				                    ; turned off! This is useful to speed things up when you are doing a
    15 				                    ; calculation that would take a long time. It is also handy to turn off
    16 				                    ; the screen when loading a drawing, then turning it on when the
    17 				                    ; screen is loaded so that it appears instantly, complete on the
    18 				                    ; screen. To use it you must first PEEK(559) and save the result in
    19 				                    ; order to return your screen to you. Then POKE 559,0 to turn off
    20 				                    ; ANTIC. When you are ready to bring the screen back to life,
    21 				                    ; POKE 559 with the number saved earlier.
    22 				                    ; 
    23 				                    ; This location is the shadow register for 54272 ($D400), and the
    24 				                    ; number you PEEKed above defines the playfield size, whether or
    25 				                    ; not the missiles and players are enabled, and the player size
    26 				                    ; resolution. To enable your options by using POKE 559, simply
    27 				                    ; add up the values below to obtain the correct number to POKE
    28 				                    ; into SDMCTL. Note that you must choose only one of the four
    29 				                    ; playfield options appearing at the beginning of the list:
    30 				                    ;
    31 				                    ; Option                          Decimal   Bit
    32 				                    ; No playfield                          0   0
    33 				                    ; Narrow playfield                      1   0
    34 				                    ; Standard playfield                    2   0,1
    35 				                    ; Wide playfield                        3   0,1
    36 				                    ; Enable missle DMA                     4   2
    37 				                    ; Enable player DMA                     8   3
    38 				                    ; Enable player and missile
    39 				                    ;   DMA                                12   2,3
    40 				                    ; One line player resolution           16   4
    41 				                    ; Enable instructions to fetch
    42 				                    ;   DMA                                32   5 (see below)
    43 				                    ;
    44 				                    ; Note that two-line player resolution is the default and that it is not
    45 				                    ; necessary to add a value to 559 to obtain it. I have included the
    46 				                    ; appropriate bits affected in the table above. The default is 34
    47 				                    ; ($22).
    48 				                    ;
    49 				                    ; The playfield is the area of the TV screen you will use for display,
    50 				                    ; text, and graphics. Narrow playfield is 128 color clocks (32
    51 				                    ; characters wide in GR.0), standard playfield is 160 color clocks
    52 				                    ; (40 characters), and wide playfield is 192 color clocks wide (48
    53 				                    ; characters). A color clock is a physical measure of horizontal
    54 				                    ; distance on the TV screen. There are a total of 228 color clocks on
    55 				                    ; a line, but only some of these (usually 176 maximum) will be
    56 				                    ; visible due to screen limitations. A pixel, on the other hand, is a
    57 				                    ; logical unit which varies in size with the GRAPHICS mode. Due
    58 				                    ; to the limitations of most TV sets, you will not be able to see all of
    59 				                    ; the wide playfield unless you scroll into the offscreen portions.
    60 				                    ; BIT 5 must be set to enable ANTIC operation; it enables DMA for
    61 				                    ; fetching the display list instructions.
    62 				    
    63 200F A2 00		        ldx #$00
    64 2011			loop:
    65 2011 AD 0B D4		        lda $d40b   ; 54283          	D40B          	VCOUNT
    66 				                    ; (R) Vertical line counter. Used to keep track of which line is
    67 				                    ; currently being generated on the screen. Used during Display
    68 				                    ; List Interrupts to change color or graphics modes. PEEKing here
    69 				                    ; returns the line count divided by two, ranging from zero to 130
    70 				                    ; ($82; zero to 155 on the PAL system; see 53268; $D014) for the
    71 				                    ; 262 lines per TV frame.
    72
    73 2014 D0 03		        bne not_zero ; jump if not in 2 first lines on the screen
    74 2016 EE 1B 20		        inc taddr+1  ; on line zero, 
    75 2019			not_zero:
    76 				; uncomment below lines to add vertical scrolling
    77 				; - - - - - - - - - - - - - - - - - - - - - - - - 
    78 				;         .zpvar increment, counter .byte
    79 				;
    80 				;         pha
    81 				;         inc counter
    82 				;         lda counter
    83 				;         and #%01111111
    84 				;         bne next
    85 				;         inc increment
    86 				; next:   pla
    87 				;         clc
    88 				;         adc increment
    89
    90 2019 AA			        tax
    91 201A 7D 00 30		taddr:  adc tab,x
    92
    93 201D 8D 0A D4		        sta $d40a   ;54282          	D40A          	WSYNC
    94
    95 				                    ;(W) Wait for horizontal synchronization. Allows the OS to
    96 				                    ;synchronize the vertical TV display by causing the 6502 to halt
    97 				                    ;and restart seven machine cycles before the beginning of the
    98 				                    ;next TV line. It is used to synchronize the VBI's or DLI's with the
    99 				                    ;screen display.
   100 				                    ;To see the effect of the WSYNC register, type in the second
   101 				                    ;example of a Display List Interrupt at location 512. RUN it and
   102 				                    ;observe that it causes a clean separation of the colors at the
   103 				                    ;change boundary. Now change line 50 to:
   104 				                    ;
   105 				                    ;50  DATA 72,169,222,234,234,234,141,24,208,104,64
   106 				                    ;
   107 				                    ;This eliminates the WSYNC command. RUN it and see the
   108 				                    ;difference in the boundary line.
   109 				                    ;
   110 				                    ;The keyboard handler sets WSYNC repeatedly while generating
   111 				                    ;the keyboard click on the console speaker at 53279 ($D01F).
   112 				                    ;When interrupts are generated during the WSYNC period, they
   113 				                    ;get delayed by one scan line. To bypass this, examine the
   114 				                    ;VCOUNT register below and delay the interrupt processing by
   115 				                    ;one line when no WSYNC delay has occurred.
   116
   117 2020 8D 1A D0		        sta $d01a   ; 53274          	D01A          	COLBK
   118 				                    ;  Color and luminance of the background (BAK).(712).
   119
   120 2023 4C 11 20		        jmp loop
   121
   122 2026			        org $3000
   123 3000			tab:
   124 3000-31FF> 1E 1E 1F 1F +         .byte 30, 30, 31, 31, 32, 32, 33, 33, 34, 34, 35, 35, 36, 36, 37
   125 300F 25 26 26 27 27 27 +         .byte 37, 38, 38, 39, 39, 39, 40, 40, 41, 41, 42, 42, 42, 43, 43
   126 301E 2C 2C 2C 2D 2D 2D +         .byte 44, 44, 44, 45, 45, 45, 46, 46, 46, 46, 47, 47, 47, 47, 48
   127 302D 30 30 30 31 31 31 +         .byte 48, 48, 48, 49, 49, 49, 49, 49, 49, 49, 50, 50, 50, 50, 50
   128 303C 32 32 32 32 32 32 +         .byte 50, 50, 50, 50, 50, 50, 50, 50, 50, 50, 50, 50, 50, 49, 49
   129 304B 31 31 31 31 31 30 +         .byte 49, 49, 49, 49, 49, 48, 48, 48, 48, 47, 47, 47, 47, 46, 46
   130 305A 2E 2E 2D 2D 2D 2C +         .byte 46, 46, 45, 45, 45, 44, 44, 44, 43, 43, 42, 42, 42, 41, 41
   131 3069 28 28 27 27 27 26 +         .byte 40, 40, 39, 39, 39, 38, 38, 37, 37, 36, 36, 35, 35, 34, 34
   132 3078 21 21 20 20 1F 1F +         .byte 33, 33, 32, 32, 31, 31, 30, 30, 30, 29, 29, 28, 28, 27, 27
   133 3087 1A 1A 19 19 18 18 +         .byte 26, 26, 25, 25, 24, 24, 23, 23, 22, 22, 21, 21, 21, 20, 20
   134 3096 13 13 12 12 12 11 +         .byte 19, 19, 18, 18, 18, 17, 17, 16, 16, 16, 15, 15, 15, 14, 14
   135 30A5 0E 0E 0D 0D 0D 0D +         .byte 14, 14, 13, 13, 13, 13, 12, 12, 12, 12, 11, 11, 11, 11, 11
   136 30B4 0B 0B 0A 0A 0A 0A +         .byte 11, 11, 10, 10, 10, 10, 10, 10, 10, 10, 10, 10, 10, 10, 10
   137 30C3 0A 0A 0A 0A 0A 0B +         .byte 10, 10, 10, 10, 10, 11, 11, 11, 11, 11, 11, 11, 12, 12, 12
   138 30D2 0C 0D 0D 0D 0D 0E +         .byte 12, 13, 13, 13, 13, 14, 14, 14, 14, 15, 15, 15, 16, 16, 16
   139 30E1 11 11 12 12 12 13 +         .byte 17, 17, 18, 18, 18, 19, 19, 20, 20, 21, 21, 21, 22, 22, 23
   140 30F0 17 18 18 19 19 1A +         .byte 23, 24, 24, 25, 25, 26, 26, 27, 27, 28, 28, 29, 29, 30, 30
   141 30FF 1E			        .byte 30
   142
   143 3100 1E 1E 1F 1F 20 20 +         .byte 30, 30, 31, 31, 32, 32, 33, 33, 34, 34, 35, 35, 36, 36, 37
   144 310F 25 26 26 27 27 27 +         .byte 37, 38, 38, 39, 39, 39, 40, 40, 41, 41, 42, 42, 42, 43, 43
   145 311E 2C 2C 2C 2D 2D 2D +         .byte 44, 44, 44, 45, 45, 45, 46, 46, 46, 46, 47, 47, 47, 47, 48
   146 312D 30 30 30 31 31 31 +         .byte 48, 48, 48, 49, 49, 49, 49, 49, 49, 49, 50, 50, 50, 50, 50
   147 313C 32 32 32 32 32 32 +         .byte 50, 50, 50, 50, 50, 50, 50, 50, 50, 50, 50, 50, 50, 49, 49
   148 314B 31 31 31 31 31 30 +         .byte 49, 49, 49, 49, 49, 48, 48, 48, 48, 47, 47, 47, 47, 46, 46
   149 315A 2E 2E 2D 2D 2D 2C +         .byte 46, 46, 45, 45, 45, 44, 44, 44, 43, 43, 42, 42, 42, 41, 41
   150 3169 28 28 27 27 27 26 +         .byte 40, 40, 39, 39, 39, 38, 38, 37, 37, 36, 36, 35, 35, 34, 34
   151 3178 21 21 20 20 1F 1F +         .byte 33, 33, 32, 32, 31, 31, 30, 30, 30, 29, 29, 28, 28, 27, 27
   152 3187 1A 1A 19 19 18 18 +         .byte 26, 26, 25, 25, 24, 24, 23, 23, 22, 22, 21, 21, 21, 20, 20
   153 3196 13 13 12 12 12 11 +         .byte 19, 19, 18, 18, 18, 17, 17, 16, 16, 16, 15, 15, 15, 14, 14
   154 31A5 0E 0E 0D 0D 0D 0D +         .byte 14, 14, 13, 13, 13, 13, 12, 12, 12, 12, 11, 11, 11, 11, 11
   155 31B4 0B 0B 0A 0A 0A 0A +         .byte 11, 11, 10, 10, 10, 10, 10, 10, 10, 10, 10, 10, 10, 10, 10
   156 31C3 0A 0A 0A 0A 0A 0B +         .byte 10, 10, 10, 10, 10, 11, 11, 11, 11, 11, 11, 11, 12, 12, 12
   157 31D2 0C 0D 0D 0D 0D 0E +         .byte 12, 13, 13, 13, 13, 14, 14, 14, 14, 15, 15, 15, 16, 16, 16
   158 31E1 11 11 12 12 12 13 +         .byte 17, 17, 18, 18, 18, 19, 19, 20, 20, 21, 21, 21, 22, 22, 23
   159 31F0 17 18 18 19 19 1A +         .byte 23, 24, 24, 25, 25, 26, 26, 27, 27, 28, 28, 29, 29, 30, 30
   160 31FF 1E			        .byte 30
   161
   162 				; - - - - - - - - - - - - 
   163 02E0-02E1> 00 20		        run start  
   164 				; - - - - - - - - - - - - 
